// Jest Snapshot v1, https://goo.gl/fbAQLP

exports[`Admin test should render a basic component: basic 1`] = `"<div class=\\"jsp-app jsp-admin\\"><div class=\\"jsp-app__header\\"><div class=\\"jsp-app__header__title-line\\"><div class=\\"jsp-app__header__title\\">Administration</div><div class=\\"jsp-admin__buttons-bar\\"><button aria-disabled=\\"true\\" class=\\"pf-c-button pf-m-secondary pf-m-disabled pf-m-danger\\" disabled=\\"\\" type=\\"button\\" data-ouia-component-type=\\"PF4/Button\\" data-ouia-safe=\\"true\\" data-ouia-component-id=\\"OUIA-Generated-Button-secondary-1\\">Stop all servers (0)</button></div></div><div class=\\"jsp-app__header__sub-title\\">Manage notebook servers.</div></div><div class=\\"jsp-app__option-section jsp-admin__users m-is-top\\"><div class=\\"pf-c-alert pf-m-inline jsp-admin__users__alert\\" aria-label=\\"Default Alert\\" data-ouia-component-type=\\"PF4/Alert\\" data-ouia-safe=\\"true\\" data-ouia-component-id=\\"OUIA-Generated-Alert-default-1\\"><div class=\\"pf-c-alert__icon\\"><svg style=\\"vertical-align:-0.125em\\" fill=\\"currentColor\\" height=\\"1em\\" width=\\"1em\\" viewBox=\\"0 0 896 1024\\" aria-hidden=\\"true\\" role=\\"img\\"><path d=\\"M448,0 C465.333333,0 480.333333,6.33333333 493,19 C505.666667,31.6666667 512,46.6666667 512,64 L512,106 L514.23,106.45 C587.89,121.39 648.48,157.24 696,214 C744,271.333333 768,338.666667 768,416 C768,500 780,568.666667 804,622 C818.666667,652.666667 841.333333,684 872,716 C873.773676,718.829136 875.780658,721.505113 878,724 C890,737.333333 896,752.333333 896,769 C896,785.666667 890,800.333333 878,813 C866,825.666667 850.666667,832 832,832 L63.3,832 C44.9533333,831.84 29.8533333,825.506667 18,813 C6,800.333333 0,785.666667 0,769 C0,752.333333 6,737.333333 18,724 L24,716 L25.06,714.9 C55.1933333,683.28 77.5066667,652.313333 92,622 C116,568.666667 128,500 128,416 C128,338.666667 152,271.333333 200,214 C248,156.666667 309.333333,120.666667 384,106 L384,63.31 C384.166667,46.27 390.5,31.5 403,19 C415.666667,6.33333333 430.666667,0 448,0 Z M576,896 L576,897.08 C575.74,932.6 563.073333,962.573333 538,987 C512.666667,1011.66667 482.666667,1024 448,1024 C413.333333,1024 383.333333,1011.66667 358,987 C332.666667,962.333333 320,932 320,896 L576,896 Z\\"></path></svg></div><h4 class=\\"pf-c-alert__title\\"><span class=\\"pf-u-screen-reader\\">Default alert:</span>Manage users in OpenShift</h4><div class=\\"pf-c-alert__action\\"><button aria-disabled=\\"false\\" aria-label=\\"Close Default alert: alert: Manage users in OpenShift\\" class=\\"pf-c-button pf-m-plain\\" type=\\"button\\" data-ouia-component-type=\\"PF4/Button\\" data-ouia-safe=\\"true\\" data-ouia-component-id=\\"OUIA-Generated-Button-plain-1\\"><svg style=\\"vertical-align:-0.125em\\" fill=\\"currentColor\\" height=\\"1em\\" width=\\"1em\\" viewBox=\\"0 0 352 512\\" aria-hidden=\\"true\\" role=\\"img\\"><path d=\\"M242.72 256l100.07-100.07c12.28-12.28 12.28-32.19 0-44.48l-22.24-22.24c-12.28-12.28-32.19-12.28-44.48 0L176 189.28 75.93 89.21c-12.28-12.28-32.19-12.28-44.48 0L9.21 111.45c-12.28 12.28-12.28 32.19 0 44.48L109.28 256 9.21 356.07c-12.28 12.28-12.28 32.19 0 44.48l22.24 22.24c12.28 12.28 32.2 12.28 44.48 0L176 322.72l100.07 100.07c12.28 12.28 32.2 12.28 44.48 0l22.24-22.24c12.28-12.28 12.28-32.19 0-44.48L242.72 256z\\"></path></svg></button></div><div class=\\"pf-c-alert__description\\">Create, delete, and manage permissions for Open Data Hub users in Openshift.<span class=\\"jsp-app__inline-link\\"><a href=\\"https://access.redhat.com/documentation/en-us/red_hat_openshift_data_science/1/html/managing_users_and_user_resources/index\\" target=\\"_blank\\" rel=\\"noopener noreferrer\\">Learn more about OpenShift user management<svg style=\\"vertical-align:-0.125em\\" fill=\\"currentColor\\" height=\\"1em\\" width=\\"1em\\" viewBox=\\"0 0 512 512\\" aria-hidden=\\"true\\" role=\\"img\\"><path d=\\"M432,320H400a16,16,0,0,0-16,16V448H64V128H208a16,16,0,0,0,16-16V80a16,16,0,0,0-16-16H48A48,48,0,0,0,0,112V464a48,48,0,0,0,48,48H400a48,48,0,0,0,48-48V336A16,16,0,0,0,432,320ZM488,0h-128c-21.37,0-32.05,25.91-17,41l35.73,35.73L135,320.37a24,24,0,0,0,0,34L157.67,377a24,24,0,0,0,34,0L435.28,133.32,471,169c15,15,41,4.5,41-17V24A24,24,0,0,0,488,0Z\\"></path></svg></a></span></div></div><div class=\\"jsp-app__option-section__title\\">Users</div><div class=\\"jsp-admin__users__loading\\"><span class=\\"pf-c-spinner pf-m-lg\\" role=\\"progressbar\\" aria-valuetext=\\"Loading...\\"><span class=\\"pf-c-spinner__clipper\\"></span><span class=\\"pf-c-spinner__lead-ball\\"></span><span class=\\"pf-c-spinner__tail-ball\\"></span></span>Loading users</div></div></div>"`;
