// Jest Snapshot v1, https://goo.gl/fbAQLP

exports[`Spawner test should render a basic component: basic 1`] = `"<div class=\\"jsp-app jsp-spawner\\"><div class=\\"jsp-app__header\\"><div class=\\"jsp-app__header__title\\">Start a notebook server</div><div class=\\"jsp-app__header__sub-title\\">Select options for your notebook server.</div></div><div class=\\"pf-c-empty-state\\"><div class=\\"pf-c-empty-state__content\\"><svg class=\\"pf-c-spinner pf-m-xl\\" role=\\"progressbar\\" aria-valuetext=\\"Loading...\\" viewBox=\\"0 0 100 100\\"><circle class=\\"pf-c-spinner__path\\" cx=\\"50\\" cy=\\"50\\" r=\\"45\\" fill=\\"none\\"></circle></svg></div></div></div>"`;
